C51 COMPILER V9.60.0.0   QNMD                                                              08/05/2023 17:25:52 PAGE 1   


C51 COMPILER V9.60.0.0, COMPILATION OF MODULE QNMD
OBJECT MODULE PLACED IN .\Objects\qnmd.obj
COMPILER INVOKED BY: C:\Keil_v5\C51\BIN\C51.EXE qnmd.c OPTIMIZE(8,SPEED) BROWSE DEBUG OBJECTEXTEND PRINT(.\Listings\qnmd
                    -.lst) OBJECT(.\Objects\qnmd.obj)

line level    source

   1          #include <qnmd.h>
*** ERROR C231 IN LINE 13 OF C:\Keil_v5\C51\Inc\reg52.h: 'P0': redefinition
*** ERROR C231 IN LINE 14 OF C:\Keil_v5\C51\Inc\reg52.h: 'P1': redefinition
*** ERROR C231 IN LINE 15 OF C:\Keil_v5\C51\Inc\reg52.h: 'P2': redefinition
*** ERROR C231 IN LINE 16 OF C:\Keil_v5\C51\Inc\reg52.h: 'P3': redefinition
*** ERROR C231 IN LINE 17 OF C:\Keil_v5\C51\Inc\reg52.h: 'PSW': redefinition
*** ERROR C231 IN LINE 18 OF C:\Keil_v5\C51\Inc\reg52.h: 'ACC': redefinition
*** ERROR C231 IN LINE 19 OF C:\Keil_v5\C51\Inc\reg52.h: 'B': redefinition
*** ERROR C231 IN LINE 20 OF C:\Keil_v5\C51\Inc\reg52.h: 'SP': redefinition
*** ERROR C231 IN LINE 21 OF C:\Keil_v5\C51\Inc\reg52.h: 'DPL': redefinition
*** ERROR C231 IN LINE 22 OF C:\Keil_v5\C51\Inc\reg52.h: 'DPH': redefinition
*** ERROR C231 IN LINE 23 OF C:\Keil_v5\C51\Inc\reg52.h: 'PCON': redefinition
*** ERROR C231 IN LINE 24 OF C:\Keil_v5\C51\Inc\reg52.h: 'TCON': redefinition
*** ERROR C231 IN LINE 25 OF C:\Keil_v5\C51\Inc\reg52.h: 'TMOD': redefinition
*** ERROR C231 IN LINE 26 OF C:\Keil_v5\C51\Inc\reg52.h: 'TL0': redefinition
*** ERROR C231 IN LINE 27 OF C:\Keil_v5\C51\Inc\reg52.h: 'TL1': redefinition
*** ERROR C231 IN LINE 28 OF C:\Keil_v5\C51\Inc\reg52.h: 'TH0': redefinition
*** ERROR C231 IN LINE 29 OF C:\Keil_v5\C51\Inc\reg52.h: 'TH1': redefinition
*** ERROR C231 IN LINE 30 OF C:\Keil_v5\C51\Inc\reg52.h: 'IE': redefinition
*** ERROR C231 IN LINE 31 OF C:\Keil_v5\C51\Inc\reg52.h: 'IP': redefinition
*** ERROR C231 IN LINE 32 OF C:\Keil_v5\C51\Inc\reg52.h: 'SCON': redefinition
*** ERROR C231 IN LINE 33 OF C:\Keil_v5\C51\Inc\reg52.h: 'SBUF': redefinition
*** ERROR C231 IN LINE 36 OF C:\Keil_v5\C51\Inc\reg52.h: 'T2CON': redefinition
*** ERROR C231 IN LINE 37 OF C:\Keil_v5\C51\Inc\reg52.h: 'RCAP2L': redefinition
*** ERROR C231 IN LINE 38 OF C:\Keil_v5\C51\Inc\reg52.h: 'RCAP2H': redefinition
*** ERROR C231 IN LINE 39 OF C:\Keil_v5\C51\Inc\reg52.h: 'TL2': redefinition
*** ERROR C231 IN LINE 40 OF C:\Keil_v5\C51\Inc\reg52.h: 'TH2': redefinition
*** ERROR C231 IN LINE 45 OF C:\Keil_v5\C51\Inc\reg52.h: 'CY': redefinition
*** ERROR C231 IN LINE 46 OF C:\Keil_v5\C51\Inc\reg52.h: 'AC': redefinition
*** ERROR C231 IN LINE 47 OF C:\Keil_v5\C51\Inc\reg52.h: 'F0': redefinition
*** ERROR C231 IN LINE 48 OF C:\Keil_v5\C51\Inc\reg52.h: 'RS1': redefinition
*** ERROR C231 IN LINE 49 OF C:\Keil_v5\C51\Inc\reg52.h: 'RS0': redefinition
*** ERROR C231 IN LINE 50 OF C:\Keil_v5\C51\Inc\reg52.h: 'OV': redefinition
*** ERROR C231 IN LINE 51 OF C:\Keil_v5\C51\Inc\reg52.h: 'P': redefinition
*** ERROR C231 IN LINE 54 OF C:\Keil_v5\C51\Inc\reg52.h: 'TF1': redefinition
*** ERROR C231 IN LINE 55 OF C:\Keil_v5\C51\Inc\reg52.h: 'TR1': redefinition
*** ERROR C231 IN LINE 56 OF C:\Keil_v5\C51\Inc\reg52.h: 'TF0': redefinition
*** ERROR C231 IN LINE 57 OF C:\Keil_v5\C51\Inc\reg52.h: 'TR0': redefinition
*** ERROR C231 IN LINE 58 OF C:\Keil_v5\C51\Inc\reg52.h: 'IE1': redefinition
*** ERROR C231 IN LINE 59 OF C:\Keil_v5\C51\Inc\reg52.h: 'IT1': redefinition
*** ERROR C231 IN LINE 60 OF C:\Keil_v5\C51\Inc\reg52.h: 'IE0': redefinition
*** ERROR C231 IN LINE 61 OF C:\Keil_v5\C51\Inc\reg52.h: 'IT0': redefinition
*** ERROR C231 IN LINE 64 OF C:\Keil_v5\C51\Inc\reg52.h: 'EA': redefinition
*** ERROR C231 IN LINE 65 OF C:\Keil_v5\C51\Inc\reg52.h: 'ET2': redefinition
*** ERROR C231 IN LINE 66 OF C:\Keil_v5\C51\Inc\reg52.h: 'ES': redefinition
*** ERROR C231 IN LINE 67 OF C:\Keil_v5\C51\Inc\reg52.h: 'ET1': redefinition
*** ERROR C231 IN LINE 68 OF C:\Keil_v5\C51\Inc\reg52.h: 'EX1': redefinition
*** ERROR C231 IN LINE 69 OF C:\Keil_v5\C51\Inc\reg52.h: 'ET0': redefinition
*** ERROR C231 IN LINE 70 OF C:\Keil_v5\C51\Inc\reg52.h: 'EX0': redefinition
*** ERROR C231 IN LINE 73 OF C:\Keil_v5\C51\Inc\reg52.h: 'PT2': redefinition
*** ERROR C231 IN LINE 74 OF C:\Keil_v5\C51\Inc\reg52.h: 'PS': redefinition
*** ERROR C231 IN LINE 75 OF C:\Keil_v5\C51\Inc\reg52.h: 'PT1': redefinition
*** ERROR C231 IN LINE 76 OF C:\Keil_v5\C51\Inc\reg52.h: 'PX1': redefinition
*** ERROR C231 IN LINE 77 OF C:\Keil_v5\C51\Inc\reg52.h: 'PT0': redefinition
C51 COMPILER V9.60.0.0   QNMD                                                              08/05/2023 17:25:52 PAGE 2   

*** ERROR C231 IN LINE 78 OF C:\Keil_v5\C51\Inc\reg52.h: 'PX0': redefinition
*** ERROR C231 IN LINE 81 OF C:\Keil_v5\C51\Inc\reg52.h: 'RD': redefinition
*** ERROR C231 IN LINE 82 OF C:\Keil_v5\C51\Inc\reg52.h: 'WR': redefinition
*** ERROR C231 IN LINE 83 OF C:\Keil_v5\C51\Inc\reg52.h: 'T1': redefinition
*** ERROR C231 IN LINE 84 OF C:\Keil_v5\C51\Inc\reg52.h: 'T0': redefinition
*** ERROR C231 IN LINE 85 OF C:\Keil_v5\C51\Inc\reg52.h: 'INT1': redefinition
*** ERROR C231 IN LINE 86 OF C:\Keil_v5\C51\Inc\reg52.h: 'INT0': redefinition
*** ERROR C231 IN LINE 87 OF C:\Keil_v5\C51\Inc\reg52.h: 'TXD': redefinition
*** ERROR C231 IN LINE 88 OF C:\Keil_v5\C51\Inc\reg52.h: 'RXD': redefinition
*** ERROR C231 IN LINE 91 OF C:\Keil_v5\C51\Inc\reg52.h: 'SM0': redefinition
*** ERROR C231 IN LINE 92 OF C:\Keil_v5\C51\Inc\reg52.h: 'SM1': redefinition
*** ERROR C231 IN LINE 93 OF C:\Keil_v5\C51\Inc\reg52.h: 'SM2': redefinition
*** ERROR C231 IN LINE 94 OF C:\Keil_v5\C51\Inc\reg52.h: 'REN': redefinition
*** ERROR C231 IN LINE 95 OF C:\Keil_v5\C51\Inc\reg52.h: 'TB8': redefinition
*** ERROR C231 IN LINE 96 OF C:\Keil_v5\C51\Inc\reg52.h: 'RB8': redefinition
*** ERROR C231 IN LINE 97 OF C:\Keil_v5\C51\Inc\reg52.h: 'TI': redefinition
*** ERROR C231 IN LINE 98 OF C:\Keil_v5\C51\Inc\reg52.h: 'RI': redefinition
*** ERROR C231 IN LINE 101 OF C:\Keil_v5\C51\Inc\reg52.h: 'T2EX': redefinition
*** ERROR C231 IN LINE 102 OF C:\Keil_v5\C51\Inc\reg52.h: 'T2': redefinition
*** ERROR C231 IN LINE 105 OF C:\Keil_v5\C51\Inc\reg52.h: 'TF2': redefinition
*** ERROR C231 IN LINE 106 OF C:\Keil_v5\C51\Inc\reg52.h: 'EXF2': redefinition
*** ERROR C231 IN LINE 107 OF C:\Keil_v5\C51\Inc\reg52.h: 'RCLK': redefinition
*** ERROR C231 IN LINE 108 OF C:\Keil_v5\C51\Inc\reg52.h: 'TCLK': redefinition
*** ERROR C231 IN LINE 109 OF C:\Keil_v5\C51\Inc\reg52.h: 'EXEN2': redefinition
*** ERROR C231 IN LINE 110 OF C:\Keil_v5\C51\Inc\reg52.h: 'TR2': redefinition
*** ERROR C231 IN LINE 111 OF C:\Keil_v5\C51\Inc\reg52.h: 'C_T2': redefinition
*** ERROR C231 IN LINE 112 OF C:\Keil_v5\C51\Inc\reg52.h: 'CP_RL2': redefinition
   2          
   3          int counter == 0;
*** ERROR C129 IN LINE 3 OF qnmd.c: missing ';' before '=='
   4          {
   5                  if(counter == 0)
   6                  {
   7                          TRACK();                                
   8                          Measure_Distance();             //正常循迹
   9                          if(Distance <= 20)              //开始避障的距离，跟车速相关
  10                          {counter = 20000;}
  11                  }
  12                  else if(counter >= 10000)               //1000~500左转
  13                  {
  14                          Motor_Left(1, 20); Motor_Right(1, 80);
  15                          counter--;
  16                  }
  17                  else if(counter >= 0)           //500~0右转
  18                  {
  19                          Motor_Left(1, 80); Motor_Right(1, 20);
  20                          counter--;
  21                  }
  22                  else
  23                          counter = 0;
  24          }

C51 COMPILATION COMPLETE.  0 WARNING(S),  81 ERROR(S)
